MemTotal:        2069400 kB
MemFree:         1924736 kB
MemAvailable:    1944800 kB
Buffers:               0 kB
Cached:            33920 kB
SwapCached:            0 kB
Active:            78492 kB
Inactive:          14876 kB
Active(anon):      60292 kB
Inactive(anon):      316 kB
Active(file):      18200 kB
Inactive(file):    14560 kB
Unevictable:           0 kB
Mlocked:               0 kB
HighTotal:       1572856 kB
HighFree:        1482924 kB
LowTotal:         498664 kB
LowFree:          441812 kB
SwapTotal:             0 kB
SwapFree:              0 kB
Dirty:                28 kB
Writeback:             0 kB
AnonPages:         59392 kB
Mapped:             7944 kB
Shmem:              1216 kB
Slab:              25828 kB
SReclaimable:      15296 kB
SUnreclaim:        10532 kB
KernelStack:        1128 kB
PageTables:         1328 kB
NFS_Unstable:          0 kB
Bounce:                0 kB
WritebackTmp:          0 kB
CommitLimit:     1035760 kB
Committed_AS:     209248 kB
VmallocTotal:     503796 kB
VmallocUsed:           0 kB
VmallocChunk:          0 kB
