MemTotal:        2067940 kB
MemFree:         1978052 kB
MemAvailable:    1918036 kB
Buffers:               8 kB
Cached:            32688 kB
SwapCached:            0 kB
Active:            36400 kB
Inactive:          12096 kB
Active(anon):      16752 kB
Inactive(anon):      136 kB
Active(file):      19648 kB
Inactive(file):    11960 kB
Unevictable:           0 kB
Mlocked:               0 kB
HighTotal:       1310720 kB
HighFree:        1260004 kB
LowTotal:         757220 kB
LowFree:          718048 kB
SwapTotal:             0 kB
SwapFree:              0 kB
Dirty:                20 kB
Writeback:             0 kB
AnonPages:         15828 kB
Mapped:            12636 kB
Shmem:              1088 kB
Slab:              17068 kB
SReclaimable:       8804 kB
SUnreclaim:         8264 kB
KernelStack:         872 kB
PageTables:          340 kB
NFS_Unstable:          0 kB
Bounce:                0 kB
WritebackTmp:          0 kB
CommitLimit:     1033968 kB
Committed_AS:      19676 kB
VmallocTotal:     245760 kB
VmallocUsed:           0 kB
VmallocChunk:          0 kB
