MemTotal:        2070324 kB
MemFree:          249388 kB
MemAvailable:    1746124 kB
Buffers:            1040 kB
Cached:          1347620 kB
SwapCached:            0 kB
Active:          1029284 kB
Inactive:         556688 kB
Active(anon):     244872 kB
Inactive(anon):     2996 kB
Active(file):     784412 kB
Inactive(file):   553692 kB
Unevictable:           0 kB
Mlocked:               0 kB
HighTotal:       1310720 kB
HighFree:         181872 kB
LowTotal:         759604 kB
LowFree:           67516 kB
SwapTotal:             0 kB
SwapFree:              0 kB
Dirty:                16 kB
Writeback:             0 kB
AnonPages:        237312 kB
Mapped:            14732 kB
Shmem:             10556 kB
Slab:             192768 kB
SReclaimable:     178108 kB
SUnreclaim:        14660 kB
KernelStack:        1480 kB
PageTables:         2804 kB
NFS_Unstable:          0 kB
Bounce:                0 kB
WritebackTmp:          0 kB
CommitLimit:     1035160 kB
Committed_AS:     819036 kB
VmallocTotal:     245760 kB
VmallocUsed:           0 kB
VmallocChunk:          0 kB
