MemTotal:        2069400 kB
MemFree:         1859108 kB
MemAvailable:    1867624 kB
Buffers:            2072 kB
Cached:           103652 kB
SwapCached:            0 kB
Active:           142348 kB
Inactive:          27504 kB
Active(anon):      76848 kB
Inactive(anon):      312 kB
Active(file):      65500 kB
Inactive(file):    27192 kB
Unevictable:           0 kB
Mlocked:               0 kB
HighTotal:       1572856 kB
HighFree:        1445972 kB
LowTotal:         496544 kB
LowFree:          413136 kB
SwapTotal:             0 kB
SwapFree:              0 kB
Dirty:                80 kB
Writeback:             0 kB
AnonPages:         64060 kB
Mapped:            16312 kB
Shmem:             13032 kB
Slab:              24576 kB
SReclaimable:      14176 kB
SUnreclaim:        10400 kB
KernelStack:         896 kB
PageTables:         1452 kB
NFS_Unstable:          0 kB
Bounce:                0 kB
WritebackTmp:          0 kB
CommitLimit:     1034700 kB
Committed_AS:     170620 kB
VmallocTotal:     503796 kB
VmallocUsed:           0 kB
VmallocChunk:          0 kB
